2026-01-15 16:45:40.649 [main] INFO  task4.model.service.impl.UserServiceImpl - Start of user creation for email: user_1768484740632@test.com
2026-01-15 16:45:41.643 [main] INFO  gergert.task4.model.pool.ConnectionPool - Connection Pool initialized with 10 connections
2026-01-15 16:45:41.680 [main] DEBUG task4.model.dao.impl.UserDaoImpl - User with email user_1768484740632@test.com was not found 
2026-01-15 16:45:42.060 [main] INFO  task4.model.service.impl.UserServiceImpl - User registration result for user_1768484740632@test.com
2026-01-15 16:45:42.060 [main] INFO  task4.model.service.impl.UserServiceImpl - Start of user creation for email: user_1768484740632@test.com
2026-01-15 16:45:42.064 [main] DEBUG task4.model.dao.impl.UserDaoImpl - User with email user_1768484740632@test.com founded
2026-01-15 16:45:42.066 [main] WARN  task4.model.service.impl.UserServiceImpl - Registration failed: Email user_1768484740632@test.com already exists
2026-01-15 16:45:42.066 [main] INFO  task4.model.service.impl.UserServiceImpl - Start of user creation for email: 
2026-01-15 16:45:42.066 [main] WARN  task4.model.service.impl.UserServiceImpl - Registration failed: All fields must be filled in
2026-01-15 16:45:42.069 [main] DEBUG task4.model.dao.impl.UserDaoImpl - User with email user_1768484740632@test.com founded
2026-01-15 16:45:42.384 [main] INFO  task4.model.service.impl.UserServiceImpl - User with ID = 7, Email = user_1768484740632@test.com logged in successfully
2026-01-15 16:45:42.389 [main] DEBUG task4.model.dao.impl.UserDaoImpl - User with email user_1768484740632@test.com founded
2026-01-15 16:45:42.696 [main] WARN  task4.model.service.impl.UserServiceImpl - Login failed: Invalid email or password for user_1768484740632@test.com
2026-01-15 16:45:42.699 [main] DEBUG task4.model.dao.impl.UserDaoImpl - User with email ghost_user@mail.com was not found 
2026-01-15 16:45:42.701 [main] WARN  task4.model.service.impl.UserServiceImpl - Login failed: Invalid email or password for ghost_user@mail.com
2026-01-15 16:45:42.701 [main] WARN  task4.model.service.impl.UserServiceImpl - Login failed: All fields must be filled in
2026-01-15 16:45:42.704 [main] DEBUG task4.model.service.impl.UserServiceImpl - Found 5 users
2026-01-22 11:35:41.240 [main] DEBUG task4.model.service.impl.UserServiceImpl - Registration attempt for email: new@mail.com
2026-01-22 11:35:42.158 [main] INFO  gergert.task4.model.pool.ConnectionPool - Connection Pool initialized with 10 connections
2026-01-22 11:35:42.228 [main] DEBUG task4.model.dao.impl.UserDaoImpl - User with email new@mail.com was not found 
2026-01-22 11:35:42.233 [main] INFO  task4.model.service.impl.UserServiceImpl - User successfully registration for new@mail.com
2026-01-22 11:35:42.295 [main] DEBUG task4.model.service.impl.UserServiceImpl - Found 4 users from DB.
2026-01-22 11:35:42.313 [main] WARN  task4.model.service.impl.UserServiceImpl - Failed to change user role with id = 7
2026-01-22 11:35:42.319 [main] DEBUG task4.model.service.impl.UserServiceImpl - Registration attempt for email: exist@mail.com
2026-01-22 11:35:42.322 [main] DEBUG task4.model.dao.impl.UserDaoImpl - User with email exist@mail.com was not found 
2026-01-22 11:35:42.626 [main] INFO  task4.model.service.impl.UserServiceImpl - User successfully registration for exist@mail.com
2026-01-22 11:35:42.648 [main] WARN  task4.model.service.impl.UserServiceImpl - Failed to ban user id = 10
2026-01-22 11:35:42.655 [main] DEBUG task4.model.service.impl.UserServiceImpl - Login attempt for email: test@mail.com
2026-01-22 11:35:42.659 [main] DEBUG task4.model.dao.impl.UserDaoImpl - User with email test@mail.com was not found 
2026-01-22 11:35:42.659 [main] WARN  task4.model.service.impl.UserServiceImpl - Login failed: Invalid email or password for test@mail.com
2026-01-22 11:35:42.666 [main] DEBUG task4.model.service.impl.UserServiceImpl - Login attempt for email: banned@mail.com
2026-01-22 11:35:42.669 [main] DEBUG task4.model.dao.impl.UserDaoImpl - User with email banned@mail.com was not found 
2026-01-22 11:35:42.670 [main] WARN  task4.model.service.impl.UserServiceImpl - Login failed: Invalid email or password for banned@mail.com
2026-01-22 11:35:42.677 [main] WARN  task4.model.service.impl.UserServiceImpl - Failed to unban user id = 10
2026-01-22 11:35:42.684 [main] INFO  task4.model.service.impl.UserServiceImpl - User with id=5 delete failed
2026-01-22 11:35:42.690 [main] DEBUG task4.model.service.impl.UserServiceImpl - Found 5 users from DB.
2026-01-22 11:39:42.690 [main] DEBUG task4.model.service.impl.UserServiceImpl - Registration attempt for email: new@mail.com
2026-01-22 11:39:42.698 [main] INFO  task4.model.service.impl.UserServiceImpl - User successfully registration for new@mail.com
2026-01-22 11:39:42.741 [main] INFO  task4.model.service.impl.UserServiceImpl - User with id = 7 role changed successfully to ADMIN
2026-01-22 11:39:42.746 [main] DEBUG task4.model.service.impl.UserServiceImpl - Registration attempt for email: exist@mail.com
2026-01-22 11:39:42.746 [main] WARN  task4.model.service.impl.UserServiceImpl - Registration failed: Email exist@mail.com already exists
2026-01-22 11:39:42.751 [main] INFO  task4.model.service.impl.UserServiceImpl - User with id = 10 status changed to BANNED successfully
2026-01-22 11:39:42.756 [main] DEBUG task4.model.service.impl.UserServiceImpl - Login attempt for email: test@mail.com
2026-01-22 11:39:42.756 [main] INFO  task4.model.service.impl.UserServiceImpl - User with ID = 1, Email = test@mail.com logged in successfully
2026-01-22 11:39:42.761 [main] DEBUG task4.model.service.impl.UserServiceImpl - Login attempt for email: banned@mail.com
2026-01-22 11:39:42.762 [main] WARN  task4.model.service.impl.UserServiceImpl - Login attempt denied: User banned@mail.com is BANNED
2026-01-22 11:39:42.766 [main] INFO  task4.model.service.impl.UserServiceImpl - User with id = 10 status changed to ACTIVE successfully
2026-01-22 11:39:42.769 [main] INFO  task4.model.service.impl.UserServiceImpl - User with id=5 delete successfully
2026-01-22 11:39:42.773 [main] DEBUG task4.model.service.impl.UserServiceImpl - Found 2 users from DB.
2026-01-22 11:46:38.401 [main] DEBUG task4.model.service.impl.UserServiceImpl - Registration attempt for email: new@mail.com
2026-01-22 11:46:38.410 [main] INFO  task4.model.service.impl.UserServiceImpl - User successfully registration for new@mail.com
2026-01-22 11:46:38.460 [main] INFO  task4.model.service.impl.UserServiceImpl - User with id = 7 role changed successfully to ADMIN
2026-01-22 11:46:38.466 [main] DEBUG task4.model.service.impl.UserServiceImpl - Registration attempt for email: exist@mail.com
2026-01-22 11:46:38.466 [main] WARN  task4.model.service.impl.UserServiceImpl - Registration failed: Email exist@mail.com already exists
2026-01-22 11:46:38.471 [main] INFO  task4.model.service.impl.UserServiceImpl - User with id = 10 status changed to BANNED successfully
2026-01-22 11:46:38.476 [main] DEBUG task4.model.service.impl.UserServiceImpl - Login attempt for email: test@mail.com
2026-01-22 11:46:38.476 [main] INFO  task4.model.service.impl.UserServiceImpl - User with ID = 1, Email = test@mail.com logged in successfully
2026-01-22 11:46:38.482 [main] DEBUG task4.model.service.impl.UserServiceImpl - Login attempt for email: banned@mail.com
2026-01-22 11:46:38.483 [main] WARN  task4.model.service.impl.UserServiceImpl - Login attempt denied: User banned@mail.com is BANNED
2026-01-22 11:46:38.485 [main] INFO  task4.model.service.impl.UserServiceImpl - User with id = 10 status changed to ACTIVE successfully
2026-01-22 11:46:38.490 [main] INFO  task4.model.service.impl.UserServiceImpl - User with id=5 delete successfully
2026-01-22 11:46:38.493 [main] DEBUG task4.model.service.impl.UserServiceImpl - Found 2 users from DB.
2026-01-22 11:47:22.586 [main] DEBUG task4.model.dao.impl.UserDaoImpl - User with email dao@test.com founded
2026-01-22 11:50:47.907 [main] DEBUG task4.model.service.impl.UserServiceImpl - Registration attempt for email: new@mail.com
2026-01-22 11:50:47.920 [main] INFO  task4.model.service.impl.UserServiceImpl - User successfully registration for new@mail.com
2026-01-22 11:50:47.981 [main] INFO  task4.model.service.impl.UserServiceImpl - User with id = 7 role changed successfully to ADMIN
2026-01-22 11:50:47.986 [main] DEBUG task4.model.service.impl.UserServiceImpl - Registration attempt for email: exist@mail.com
2026-01-22 11:50:47.987 [main] WARN  task4.model.service.impl.UserServiceImpl - Registration failed: Email exist@mail.com already exists
2026-01-22 11:50:47.995 [main] INFO  task4.model.service.impl.UserServiceImpl - User with id = 10 status changed to BANNED successfully
2026-01-22 11:50:48.001 [main] DEBUG task4.model.service.impl.UserServiceImpl - Login attempt for email: test@mail.com
2026-01-22 11:50:48.002 [main] INFO  task4.model.service.impl.UserServiceImpl - User with ID = 1, Email = test@mail.com logged in successfully
2026-01-22 11:50:48.012 [main] DEBUG task4.model.service.impl.UserServiceImpl - Login attempt for email: banned@mail.com
2026-01-22 11:50:48.013 [main] WARN  task4.model.service.impl.UserServiceImpl - Login attempt denied: User banned@mail.com is BANNED
2026-01-22 11:50:48.018 [main] INFO  task4.model.service.impl.UserServiceImpl - User with id = 10 status changed to ACTIVE successfully
2026-01-22 11:50:48.026 [main] INFO  task4.model.service.impl.UserServiceImpl - User with id=5 delete successfully
2026-01-22 11:50:48.032 [main] DEBUG task4.model.service.impl.UserServiceImpl - Found 2 users from DB.
2026-01-22 11:56:22.573 [main] DEBUG task4.model.dao.impl.UserDaoImpl - User with email dao@test.com founded
2026-01-22 11:59:54.870 [main] INFO  task4.controller.command.impl.RegisterCommand - Start RegisterCommand
2026-01-22 11:59:54.877 [main] INFO  task4.controller.command.impl.RegisterCommand - Attempting to register user: new@mail.com
2026-01-22 11:59:54.877 [main] INFO  task4.controller.command.impl.RegisterCommand - New user registered: new@mail.com
2026-01-22 11:59:54.911 [main] INFO  task4.controller.command.impl.LoginCommand - Start LoginCommand
2026-01-22 11:59:54.921 [main] INFO  task4.controller.command.impl.LogoutCommand - Invalidating session
2026-01-22 12:01:40.121 [main] DEBUG com.gergert.task4.controller.Controller - Executing command: LOGIN
2026-01-22 12:01:40.148 [main] DEBUG com.gergert.task4.controller.Controller - Executing command: LOGIN
2026-01-22 12:08:19.576 [main] DEBUG com.gergert.task4.controller.Controller - Executing command: LOGIN
2026-01-22 12:08:19.610 [main] DEBUG com.gergert.task4.controller.Controller - Executing command: LOGIN
2026-01-22 12:08:28.082 [main] INFO  task4.controller.command.impl.RegisterCommand - Start RegisterCommand
2026-01-22 12:08:28.090 [main] INFO  task4.controller.command.impl.RegisterCommand - Attempting to register user: new@mail.com
2026-01-22 12:08:28.090 [main] INFO  task4.controller.command.impl.RegisterCommand - New user registered: new@mail.com
2026-01-22 12:08:28.097 [main] INFO  task4.controller.command.impl.LoginCommand - Start LoginCommand
2026-01-22 12:08:28.107 [main] INFO  task4.controller.command.impl.LogoutCommand - Invalidating session
